// Vitest Snapshot v1, https://vitest.dev/guide/snapshot.html

exports[`major screen golden snapshots > covers all 80-column major screens > 80x24 actions 1`] = `
" ⎇ ⎇ │ ◎ ◎ │ ⑂ ⑂ │ ▎ ⚡ Actions  │ ◈ ◈
╭──────────────────────────────────────────────────────────────────────────────────────────────────╮
│ ⚡  Actions                                                                                       │
│──────────────────────────────────────────────────────────────────────────────────────────────────│
│ACTIONS                                                                                           │
│CI completed success                                                                              │
│Release queued                                                                                    │
│                                                                                                  │
│                                                                                                  │
│                                                                                                  │
│                                                                                                  │
│                                                                                                  │
│                                                                                                  │
│                                                                                                  │
│                                                                                                  │
│                                                                                                  │
│                                                                                                  │
│                                                                                                  │
│                                                                                                  │
│                                                                                                  │
╰──────────────────────────────────────────────────────────────────────────────────────────────────╯
 ⚡  Actions   ·  owner/repo                                                              ⟳ just now
────────────────────────────────────────────────────────────────────────────────────────────────────
 j/k nav │ Tab pane  ┊  Enter logs │ R re-run  ┊  r refresh │ S settings                   │ ? help"
`;

exports[`major screen golden snapshots > covers all 80-column major screens > 80x24 branches 1`] = `
" ⎇ ⎇ │ ◎ ◎ │ ▎ ⑂ Branches │ ⚡ ⚡   │ ◈ ◈
╭──────────────────────────────────────────────────────────────────────────────────────────────────╮
│ ⑂  Branches                                                                                      │
│──────────────────────────────────────────────────────────────────────────────────────────────────│
│BRANCHES                                                                                          │
│main protected                                                                                    │
│feat/daemon active                                                                                │
│                                                                                                  │
│                                                                                                  │
│                                                                                                  │
│                                                                                                  │
│                                                                                                  │
│                                                                                                  │
│                                                                                                  │
│                                                                                                  │
│                                                                                                  │
│                                                                                                  │
│                                                                                                  │
│                                                                                                  │
│                                                                                                  │
╰──────────────────────────────────────────────────────────────────────────────────────────────────╯
 ⑂  Branches  ·  owner/repo                                                              ⟳ just now
────────────────────────────────────────────────────────────────────────────────────────────────────
 j/k nav │ Tab pane  ┊  Enter checkout │ n new │ D delete  ┊  r refresh │ S settings       │ ? help"
`;

exports[`major screen golden snapshots > covers all 80-column major screens > 80x24 command palette 1`] = `
"

            ╔══════════════════════════════════════════════════════════════════════════╗
            ║ ▶  ▍ pr-list                                                             ║
            ║ ──────────────────────────────────────────────                           ║
            ║ ▶ Approve PR                Submit an approving review for the focused … ║
            ║   Checkout PR Branch             Checkout the pull request branch local… ║
            ║   Close PR                     Close the focused pull request without m… ║
            ║   Copy PR URL                     Copy the pull request URL to clipboard ║
            ║   Cycle PR Scope                   Cycle filter: all → own → reviewing   ║
            ║   Cycle Theme                      Switch to next available theme        ║
            ║   Go to Actions                    Switch to the Actions pane            ║
            ║   Go to Branches                   Switch to the Branches pane           ║
            ║   Go to Issue #…                   Jump to a specific issue by number    ║
            ║ [↑↓/Ctrl+np] nav  [Tab] fill  [Enter] run  [Esc] cancel                  ║
            ╚══════════════════════════════════════════════════════════════════════════╝





 ⎇  Pull Requests  ·  owner/repo                                                 COMMAND ⟳ just now
────────────────────────────────────────────────────────────────────────────────────────────────────
 ↑↓ nav │ Tab complete │ Enter run │ Esc cancel"
`;

exports[`major screen golden snapshots > covers all 80-column major screens > 80x24 diff view 1`] = `
"DIFF VIEW #42
@@ src/app.jsx
- old frame
+ stable frame



















"
`;

exports[`major screen golden snapshots > covers all 80-column major screens > 80x24 help overlay 1`] = `
"      ╭──────────────────────────────────────────────────────────────────────────────────────╮
      │                                                                                      │
      │  ⌨  Keyboard Reference — ⎇  Pull Requests list                  [Esc/Enter/?] close  │
      │                                                                                      │
      │  ⎇  Pull Requests list───────────────────    Global (any view)                       │
      │                                              ──────────────────────────────────────  │
      │  j/k                 nav                                                             │
      │  EnterG              openbottom              Ctrl+A              AI assistant        │
      │  d                   diff                    Tab                 pane                │
      │  m                   merger                  r                   refresh             │
      │  M                   auto-merge              o                   browser             │
      │  a                   approve                 /                   search              │
      │  l                   labelst changes         ?                   help                │
      │  A                   assignees               S                   settings            │
      │  c                   checkouts               Ctrl+D              debug state         │
      │  y                   copy URL                q / Esc             back                │
      │  o                   browser                                                         │
      │                                                                                      │
      │  ──────────────────────────────────────────────────────────────────────────────────  │
      │                                                                                      │
      │  Config: ~/.config/lazyhub/lazyhub.toml   Docs: https://saketh-kowtha.github.io/lgh  │
      ╰──────────────────────────────────────────────────────────────────────────────────────╯
────────────────────────────────────────────────────────────────────────────────────────────────────
 ? / Esc / Enter close help"
`;

exports[`major screen golden snapshots > covers all 80-column major screens > 80x24 issue detail 1`] = `
"ISSUE DETAIL #9
state open
assignee @octocat


















 ◆  Issues  ·  owner/repo                                                                ⟳ just now
────────────────────────────────────────────────────────────────────────────────────────────────────
 j/k scroll │ l labels │ A assignees │ Esc back                                       │ ? more keys"
`;

exports[`major screen golden snapshots > covers all 80-column major screens > 80x24 issue list 1`] = `
" ⎇ ⎇ │ ▎ ◎ Issues │ ⑂ ⑂ │ ⚡ ⚡   │ ◈ ◈
╭──────────────────────────────────────────────────────────────────────────────────────────────────╮
│ ◎  Issues                                                                                        │
│──────────────────────────────────────────────────────────────────────────────────────────────────│
│ISSUE LIST                                                                                        │
│#9 Golden snapshots  p1 testing                                                                   │
│#8 Design references  p0 ux                                                                       │
│                                                                                                  │
│                                                                                                  │
│                                                                                                  │
│                                                                                                  │
│                                                                                                  │
│                                                                                                  │
│                                                                                                  │
│                                                                                                  │
│                                                                                                  │
│                                                                                                  │
│                                                                                                  │
│                                                                                                  │
│                                                                                                  │
╰──────────────────────────────────────────────────────────────────────────────────────────────────╯
 ◆  Issues  ·  owner/repo                                                                ⟳ just now
────────────────────────────────────────────────────────────────────────────────────────────────────
 j/k nav │ Tab pane  ┊  Enter open │ n new  ┊  r refresh │ S settings                      │ ? help"
`;

exports[`major screen golden snapshots > covers all 80-column major screens > 80x24 notifications 1`] = `
" ⎇ ⎇ │ ◎ ◎ │ ⑂ ⑂ │ ⚡ ⚡   │ ▎ ◈ Notifications
╭──────────────────────────────────────────────────────────────────────────────────────────────────╮
│ ◈  Notifications                                                                                 │
│──────────────────────────────────────────────────────────────────────────────────────────────────│
│NOTIFICATIONS                                                                                     │
│review requested                                                                                  │
│workflow failed                                                                                   │
│                                                                                                  │
│                                                                                                  │
│                                                                                                  │
│                                                                                                  │
│                                                                                                  │
│                                                                                                  │
│                                                                                                  │
│                                                                                                  │
│                                                                                                  │
│                                                                                                  │
│                                                                                                  │
│                                                                                                  │
│                                                                                                  │
╰──────────────────────────────────────────────────────────────────────────────────────────────────╯
 ◔  Notifications  ·  owner/repo                                                         ⟳ just now
────────────────────────────────────────────────────────────────────────────────────────────────────
 j/k nav │ Tab pane  ┊  r refresh │ S settings                                             │ ? help"
`;

exports[`major screen golden snapshots > covers all 80-column major screens > 80x24 pr detail 1`] = `
"PR DETAIL #42
author @octocat
labels testing ux


















 ⎇  Pull Requests  ·  owner/repo                                                         ⟳ just now
────────────────────────────────────────────────────────────────────────────────────────────────────
 j/k scroll │ d diff │ m merge │ a approve │ Esc back                                 │ ? more keys"
`;

exports[`major screen golden snapshots > covers all 80-column major screens > 80x24 pr list 1`] = `
" ▎ ⎇ Pull Requests │ ◎ ◎ │ ⑂ ⑂ │ ⚡ ⚡   │ ◈ ◈
╭──────────────────────────────────────────────────────────────────────────────────────────────────╮
│ ⎇  Pull Requests                                                                                 │
│──────────────────────────────────────────────────────────────────────────────────────────────────│
│PR LIST                                                                                           │
│#42 Fix deterministic snapshots  ci:fail  review:required                                         │
│#41 Phase K daemon cache  ci:pass                                                                 │
│                                                                                                  │
│                                                                                                  │
│                                                                                                  │
│                                                                                                  │
│                                                                                                  │
│                                                                                                  │
│                                                                                                  │
│                                                                                                  │
│                                                                                                  │
│                                                                                                  │
│                                                                                                  │
│                                                                                                  │
╰──────────────────────────────────────────────────────────────────────────────────────────────────╯
 ⎇  Pull Requests  ·  owner/repo                                                         ⟳ just now
────────────────────────────────────────────────────────────────────────────────────────────────────
 j/k nav │ Tab pane  ┊  Enter open │ d diff │ f filter │ m merge │ M auto-merge             │? help
   ┊  r refresh │ S settings"
`;

exports[`major screen golden snapshots > covers wide PR list and diff frames > 120x30 diff view 1`] = `
"DIFF VIEW #42
@@ src/app.jsx
- old frame
+ stable frame

























"
`;

exports[`major screen golden snapshots > covers wide PR list and diff frames > 120x30 pr list 1`] = `
"╭─────────────────╭────────────────────────────────────────────────────────────────────────────────╮
│ ⌂ lazyhub       │ ⎇  Pull Requests                                                               │
│ owner/repo      │────────────────────────────────────────────────────────────────────────────────│
│ ──────────────  │PR LIST                                                                         │
│ ▎⎇ Pull Requ  1 │#42 Fix deterministic snapshots  ci:fail  review:required                       │
│  ◎ Issues     2 │#41 Phase K daemon cache  ci:pass                                               │
│  ⑂ Branches   3 │                                                                                │
│  ⚡ Actions    4 │                                                                                │
│  ◈ Notificat  5 │                                                                                │
│                 │                                                                                │
│                 │                                                                                │
│                 │                                                                                │
│                 │                                                                                │
│                 │                                                                                │
│                 │                                                                                │
│                 │                                                                                │
│                 │                                                                                │
│                 │                                                                                │
│                 │                                                                                │
│                 │                                                                                │
│                 │                                                                                │
│                 │                                                                                │
│                 │                                                                                │
│                 │                                                                                │
│ ──────────────  │                                                                                │
│ ? help · S cfg… ╰────────────────────────────────────────────────────────────────────────────────╯
 ⎇  Pull Requests  ·  owner/repo                                                         ⟳ just now
────────────────────────────────────────────────────────────────────────────────────────────────────
 j/k nav │ Tab pane  ┊  Enter open │ d diff │ f filter │ m merge │ M auto-merge             │? help
   ┊  r refresh │ S settings"
`;
